
  Loading model: mlx-community/Phi-3.5-mini-instruct-4bit
Fetching 11 files:   0%|          | 0/11 [00:00<?, ?it/s]Fetching 11 files: 100%|██████████| 11/11 [00:00<00:00, 95720.63it/s]
     Layers: 32 | Probed: {'final': 31} | Output projection: lm_head (V=32064, D=3072)
[calibrate] model=mlx-community/Phi-3.5-mini-instruct-4bit  task=t0_sealed_triviaqa_t0_n100
[calibrate] n_calibration=100 (pos=50, neg=50)
[calibrate] panel=['attention[final_js] @ step 0', 'attention[final_js_kv_groups] @ step 0', 'attention[final_js_no_bos] @ step 0', 'attention[final_bos_mass] @ step 0', 'attention[final_v_norm_bos] @ step 0', 'attention[final_v_norm_max] @ step 0', 'attention[final_v_norm_lastq_weighted] @ step 0', 'attention[mid_js] @ step 0', 'attention[mid_js_kv_groups] @ step 0', 'attention[mid_js_no_bos] @ step 0', 'attention[mid_bos_mass] @ step 0', 'attention[mid_v_norm_bos] @ step 0', 'attention[mid_v_norm_max] @ step 0', 'attention[mid_v_norm_lastq_weighted] @ step 0', 'attention[last_minus_1_js] @ step 0', 'attention[last_minus_1_js_kv_groups] @ step 0', 'attention[last_minus_1_js_no_bos] @ step 0', 'attention[last_minus_1_bos_mass] @ step 0', 'attention[last_minus_1_v_norm_bos] @ step 0', 'attention[last_minus_1_v_norm_max] @ step 0', 'attention[last_minus_1_v_norm_lastq_weighted] @ step 0']
[calibrate] attention capture active: target_map={'final': 31, 'mid': 16, 'last_minus_1': 30} n_kv_heads={'final': 32, 'mid': 32, 'last_minus_1': 32}  v_norms=True
[calibrate] tracing 100 samples...
[calibrate]   10/100
[calibrate]   20/100
[calibrate]   30/100
[calibrate]   40/100
[calibrate]   50/100
[calibrate]   60/100
[calibrate]   70/100
[calibrate]   80/100
[calibrate]   90/100
[calibrate]   100/100
[calibrate] best cell: attention[final_js_no_bos] @ step 0  AUROC=0.868  sign=-1
[calibrate] in-sample 95%% CI: [0.792, 0.937]  (n_bootstrap=1000)
[calibrate] nested OOB bootstrap...
[calibrate] OOB median AUROC: 0.843  CI [0.712, 0.938]  (used 1000/1000 rounds)
[calibrate] winner stability: 0.54  counts: {'attention[final_js] @ step 0': 35, 'attention[final_js_no_bos] @ step 0': 544, 'attention[mid_v_norm_lastq_weighted] @ step 0': 7, 'attention[last_minus_1_js] @ step 0': 144, 'attention[last_minus_1_bos_mass] @ step 0': 6, 'attention[last_minus_1_v_norm_lastq_weighted] @ step 0': 264}
[calibrate]   WARNING: winner_unstable (winner_stability=0.54; a different panel cell wins on >30% of bootstrap resamples — the chosen cell is noise-driven at this n)
[calibrate] wrote profile: /Users/msrk/Documents/PRI_at_commitment/experiments/t0-sealed/2026-05-26/profiles/triviaqa/Phi-3.5-mini-instruct-4bit.profile.json
[calibrate] 1 warning(s) — see profile['warnings']
