
  Loading model: mlx-community/Phi-4-mini-instruct-4bit
Fetching 12 files:   0%|          | 0/12 [00:00<?, ?it/s]Fetching 12 files: 100%|██████████| 12/12 [00:00<00:00, 92182.51it/s]
     Layers: 32 | Probed: {'final': 31} | Output projection: tied_embed (V=200064, D=3072)
[calibrate] model=mlx-community/Phi-4-mini-instruct-4bit  task=t0_sealed_anli_R1_t0_n200
[calibrate] n_calibration=200 (pos=100, neg=100)
[calibrate] panel=['attention[final_js] @ step 0', 'attention[final_js_kv_groups] @ step 0', 'attention[final_js_no_bos] @ step 0', 'attention[final_bos_mass] @ step 0', 'attention[final_v_norm_bos] @ step 0', 'attention[final_v_norm_max] @ step 0', 'attention[final_v_norm_lastq_weighted] @ step 0', 'attention[mid_js] @ step 0', 'attention[mid_js_kv_groups] @ step 0', 'attention[mid_js_no_bos] @ step 0', 'attention[mid_bos_mass] @ step 0', 'attention[mid_v_norm_bos] @ step 0', 'attention[mid_v_norm_max] @ step 0', 'attention[mid_v_norm_lastq_weighted] @ step 0', 'attention[last_minus_1_js] @ step 0', 'attention[last_minus_1_js_kv_groups] @ step 0', 'attention[last_minus_1_js_no_bos] @ step 0', 'attention[last_minus_1_bos_mass] @ step 0', 'attention[last_minus_1_v_norm_bos] @ step 0', 'attention[last_minus_1_v_norm_max] @ step 0', 'attention[last_minus_1_v_norm_lastq_weighted] @ step 0']
[calibrate] attention capture active: target_map={'final': 31, 'mid': 16, 'last_minus_1': 30} n_kv_heads={'final': 8, 'mid': 8, 'last_minus_1': 8}  v_norms=True
[calibrate] tracing 200 samples...
[calibrate]   10/200
[calibrate]   20/200
[calibrate]   30/200
[calibrate]   40/200
[calibrate]   50/200
[calibrate]   60/200
[calibrate]   70/200
[calibrate]   80/200
[calibrate]   90/200
[calibrate]   100/200
[calibrate]   110/200
[calibrate]   120/200
[calibrate]   130/200
[calibrate]   140/200
[calibrate]   150/200
[calibrate]   160/200
[calibrate]   170/200
[calibrate]   180/200
[calibrate]   190/200
[calibrate]   200/200
[calibrate] best cell: attention[mid_v_norm_lastq_weighted] @ step 0  AUROC=0.724  sign=+1
[calibrate] in-sample 95%% CI: [0.648, 0.790]  (n_bootstrap=1000)
[calibrate] nested OOB bootstrap...
[calibrate] OOB median AUROC: 0.690  CI [0.554, 0.792]  (used 1000/1000 rounds)
[calibrate] winner stability: 0.56  counts: {'attention[final_js] @ step 0': 132, 'attention[final_bos_mass] @ step 0': 4, 'attention[mid_js_kv_groups] @ step 0': 33, 'attention[mid_bos_mass] @ step 0': 191, 'attention[mid_v_norm_lastq_weighted] @ step 0': 559, 'attention[last_minus_1_js] @ step 0': 23, 'attention[last_minus_1_js_kv_groups] @ step 0': 10, 'attention[last_minus_1_js_no_bos] @ step 0': 37, 'attention[last_minus_1_bos_mass] @ step 0': 10, 'attention[last_minus_1_v_norm_max] @ step 0': 1}
[calibrate]   WARNING: winner_unstable (winner_stability=0.56; a different panel cell wins on >30% of bootstrap resamples — the chosen cell is noise-driven at this n)
[calibrate] wrote profile: /Users/msrk/Documents/PRI_at_commitment/experiments/t0-sealed/2026-05-26/profiles/anli/Phi-4-mini-instruct-4bit.profile.json
[calibrate] 1 warning(s) — see profile['warnings']
